18:25:14 **** Build of configuration Debug for project mpsoc_ps_uart_app ****
make all 
make --no-print-directory pre-build
a9-linaro-pre-build-step
 
make --no-print-directory main-build
Building file: ../src/helloworld.c
Invoking: ARM v7 gcc compiler
arm-none-eabi-gcc -Wall -O0 -g3 -c -fmessage-length=0 -MT"src/helloworld.o" -mcpu=cortex-a9 -mfpu=vfpv3 -mfloat-abi=hard -I/home/varun/coding/fpga/xylinx/pynq_z1/mpsoc_ps_uart/sw/mpsoc_ps_uart_platform/export/mpsoc_ps_uart_platform/sw/mpsoc_ps_uart_platform/standalone_domain/bspinclude/include -MMD -MP -MF"src/helloworld.d" -MT"src/helloworld.o" -o "src/helloworld.o" "../src/helloworld.c"
Finished building: ../src/helloworld.c
 
Building file: ../src/platform.c
Invoking: ARM v7 gcc compiler
arm-none-eabi-gcc -Wall -O0 -g3 -c -fmessage-length=0 -MT"src/platform.o" -mcpu=cortex-a9 -mfpu=vfpv3 -mfloat-abi=hard -I/home/varun/coding/fpga/xylinx/pynq_z1/mpsoc_ps_uart/sw/mpsoc_ps_uart_platform/export/mpsoc_ps_uart_platform/sw/mpsoc_ps_uart_platform/standalone_domain/bspinclude/include -MMD -MP -MF"src/platform.d" -MT"src/platform.o" -o "src/platform.o" "../src/platform.c"
Finished building: ../src/platform.c
 
Building target: mpsoc_ps_uart_app.elf
Invoking: ARM v7 gcc linker
arm-none-eabi-gcc -mcpu=cortex-a9 -mfpu=vfpv3 -mfloat-abi=hard -Wl,-build-id=none -specs=Xilinx.spec -Wl,-T -Wl,../src/lscript.ld -L/home/varun/coding/fpga/xylinx/pynq_z1/mpsoc_ps_uart/sw/mpsoc_ps_uart_platform/export/mpsoc_ps_uart_platform/sw/mpsoc_ps_uart_platform/standalone_domain/bsplib/lib -o "mpsoc_ps_uart_app.elf"  ./src/helloworld.o ./src/platform.o   -Wl,--start-group,-lxil,-lgcc,-lc,--end-group
Finished building target: mpsoc_ps_uart_app.elf
 
Invoking: ARM v7 Print Size
arm-none-eabi-size mpsoc_ps_uart_app.elf  |tee "mpsoc_ps_uart_app.elf.size"
   text	   data	    bss	    dec	    hex	filename
  19064	   1144	  22568	  42776	   a718	mpsoc_ps_uart_app.elf
Finished building: mpsoc_ps_uart_app.elf.size
 

18:25:15 Build Finished (took 731ms)

