10:08:51 **** Incremental Build of configuration Debug for project mpsoc_only_pl_counter_app ****
make all 
make --no-print-directory pre-build
a9-linaro-pre-build-step
 
make --no-print-directory main-build
Building file: ../src/main.c
Invoking: ARM v7 gcc compiler
arm-none-eabi-gcc -Wall -O0 -g3 -c -fmessage-length=0 -MT"src/main.o" -mcpu=cortex-a9 -mfpu=vfpv3 -mfloat-abi=hard -I/home/varun/coding/fpga/xylinx/pynq_z1/mpsoc_only_pl_counter/sw/mpsoc_only_pl_counter_platform/export/mpsoc_only_pl_counter_platform/sw/mpsoc_only_pl_counter_platform/standalone_domain/bspinclude/include -MMD -MP -MF"src/main.d" -MT"src/main.o" -o "src/main.o" "../src/main.c"
Finished building: ../src/main.c
 
Building target: mpsoc_only_pl_counter_app.elf
Invoking: ARM v7 gcc linker
arm-none-eabi-gcc -mcpu=cortex-a9 -mfpu=vfpv3 -mfloat-abi=hard -Wl,-build-id=none -specs=Xilinx.spec -Wl,-T -Wl,../src/lscript.ld -L/home/varun/coding/fpga/xylinx/pynq_z1/mpsoc_only_pl_counter/sw/mpsoc_only_pl_counter_platform/export/mpsoc_only_pl_counter_platform/sw/mpsoc_only_pl_counter_platform/standalone_domain/bsplib/lib -o "mpsoc_only_pl_counter_app.elf"  ./src/main.o   -Wl,--start-group,-lxil,-lgcc,-lc,--end-group
Finished building target: mpsoc_only_pl_counter_app.elf
 
Invoking: ARM v7 Print Size
arm-none-eabi-size mpsoc_only_pl_counter_app.elf  |tee "mpsoc_only_pl_counter_app.elf.size"
   text	   data	    bss	    dec	    hex	filename
  18660	   1144	  22568	  42372	   a584	mpsoc_only_pl_counter_app.elf
Finished building: mpsoc_only_pl_counter_app.elf.size
 

10:08:52 Build Finished (took 633ms)

