11:34:09 **** Incremental Build of configuration Debug for project mpsoc_oly_ps_gpio_app ****
make all 
make --no-print-directory pre-build
a9-linaro-pre-build-step
 
make --no-print-directory main-build
Building file: ../src/helloworld.c
Invoking: ARM v7 gcc compiler
arm-none-eabi-gcc -Wall -O0 -g3 -c -fmessage-length=0 -MT"src/helloworld.o" -mcpu=cortex-a9 -mfpu=vfpv3 -mfloat-abi=hard -I/home/varun/coding/fpga/xylinx/pynq_z1/mpsoc_only_ps_gpio/sw/mpsoc_only_ps_gpio_platform/export/mpsoc_only_ps_gpio_platform/sw/mpsoc_only_ps_gpio_platform/standalone_domain/bspinclude/include -MMD -MP -MF"src/helloworld.d" -MT"src/helloworld.o" -o "src/helloworld.o" "../src/helloworld.c"
Finished building: ../src/helloworld.c
 
Building target: mpsoc_oly_ps_gpio_app.elf
Invoking: ARM v7 gcc linker
arm-none-eabi-gcc -mcpu=cortex-a9 -mfpu=vfpv3 -mfloat-abi=hard -Wl,-build-id=none -specs=Xilinx.spec -Wl,-T -Wl,../src/lscript.ld -L/home/varun/coding/fpga/xylinx/pynq_z1/mpsoc_only_ps_gpio/sw/mpsoc_only_ps_gpio_platform/export/mpsoc_only_ps_gpio_platform/sw/mpsoc_only_ps_gpio_platform/standalone_domain/bsplib/lib -o "mpsoc_oly_ps_gpio_app.elf"  ./src/helloworld.o ./src/platform.o   -Wl,--start-group,-lxil,-lgcc,-lc,--end-group
Finished building target: mpsoc_oly_ps_gpio_app.elf
 
Invoking: ARM v7 Print Size
arm-none-eabi-size mpsoc_oly_ps_gpio_app.elf  |tee "mpsoc_oly_ps_gpio_app.elf.size"
   text	   data	    bss	    dec	    hex	filename
  27088	   1152	  22584	  50824	   c688	mpsoc_oly_ps_gpio_app.elf
Finished building: mpsoc_oly_ps_gpio_app.elf.size
 

11:34:10 Build Finished (took 677ms)

