Nothing to build in platform 'mpsoc_uart_loop_platform'

19:23:33 **** Incremental Build of configuration Debug for project mpsoc_uart_loop_app ****
make all 
make --no-print-directory pre-build
a9-linaro-pre-build-step
 
make --no-print-directory main-build
Building file: ../src/helloworld.c
Invoking: ARM v7 gcc compiler
arm-none-eabi-gcc -Wall -O0 -g3 -c -fmessage-length=0 -MT"src/helloworld.o" -mcpu=cortex-a9 -mfpu=vfpv3 -mfloat-abi=hard -I/home/varun/coding/fpga/xylinx/pynq_z1/mpsoc_uart_loop/sw/mpsoc_uart_loop_platform/export/mpsoc_uart_loop_platform/sw/mpsoc_uart_loop_platform/standalone_domain/bspinclude/include -MMD -MP -MF"src/helloworld.d" -MT"src/helloworld.o" -o "src/helloworld.o" "../src/helloworld.c"
../src/helloworld.c: In function 'main':
../src/helloworld.c:66:28: warning: pointer targets in passing argument 2 of 'XUartPs_Recv' differ in signedness [-Wpointer-sign]
   66 |  while(!XUartPs_Recv(uart0,&data1,1));
      |                            ^~~~~~
      |                            |
      |                            char *
In file included from ../src/helloworld.c:50:
/home/varun/coding/fpga/xylinx/pynq_z1/mpsoc_uart_loop/sw/mpsoc_uart_loop_platform/export/mpsoc_uart_loop_platform/sw/mpsoc_uart_loop_platform/standalone_domain/bspinclude/include/xuartps.h:452:43: note: expected 'u8 *' {aka 'unsigned char *'} but argument is of type 'char *'
  452 | u32 XUartPs_Recv(XUartPs *InstancePtr,u8 *BufferPtr,
      |                                       ~~~~^~~~~~~~~
../src/helloworld.c:67:28: warning: pointer targets in passing argument 2 of 'XUartPs_Send' differ in signedness [-Wpointer-sign]
   67 |  while(!XUartPs_Send(uart1,&data1,1));
      |                            ^~~~~~
      |                            |
      |                            char *
In file included from ../src/helloworld.c:50:
/home/varun/coding/fpga/xylinx/pynq_z1/mpsoc_uart_loop/sw/mpsoc_uart_loop_platform/export/mpsoc_uart_loop_platform/sw/mpsoc_uart_loop_platform/standalone_domain/bspinclude/include/xuartps.h:449:43: note: expected 'u8 *' {aka 'unsigned char *'} but argument is of type 'char *'
  449 | u32 XUartPs_Send(XUartPs *InstancePtr,u8 *BufferPtr,
      |                                       ~~~~^~~~~~~~~
../src/helloworld.c:68:28: warning: pointer targets in passing argument 2 of 'XUartPs_Recv' differ in signedness [-Wpointer-sign]
   68 |  while(!XUartPs_Recv(uart1,&data2,1));
      |                            ^~~~~~
      |                            |
      |                            char *
In file included from ../src/helloworld.c:50:
/home/varun/coding/fpga/xylinx/pynq_z1/mpsoc_uart_loop/sw/mpsoc_uart_loop_platform/export/mpsoc_uart_loop_platform/sw/mpsoc_uart_loop_platform/standalone_domain/bspinclude/include/xuartps.h:452:43: note: expected 'u8 *' {aka 'unsigned char *'} but argument is of type 'char *'
  452 | u32 XUartPs_Recv(XUartPs *InstancePtr,u8 *BufferPtr,
      |                                       ~~~~^~~~~~~~~
../src/helloworld.c:69:28: warning: pointer targets in passing argument 2 of 'XUartPs_Send' differ in signedness [-Wpointer-sign]
   69 |  while(!XUartPs_Send(uart0,&data2,1));
      |                            ^~~~~~
      |                            |
      |                            char *
In file included from ../src/helloworld.c:50:
/home/varun/coding/fpga/xylinx/pynq_z1/mpsoc_uart_loop/sw/mpsoc_uart_loop_platform/export/mpsoc_uart_loop_platform/sw/mpsoc_uart_loop_platform/standalone_domain/bspinclude/include/xuartps.h:449:43: note: expected 'u8 *' {aka 'unsigned char *'} but argument is of type 'char *'
  449 | u32 XUartPs_Send(XUartPs *InstancePtr,u8 *BufferPtr,
      |                                       ~~~~^~~~~~~~~
../src/helloworld.c:58:2: warning: 'uart0' is used uninitialized in this function [-Wuninitialized]
   58 |  XUartPs_CfgInitialize(uart0,uart0_config, uart0_config->BaseAddress);
      |  ^~~~~~~~~~~~~~~~~~~~~~~~~~~~~~~~~~~~~~~~~~~~~~~~~~~~~~~~~~~~~~~~~~~~
../src/helloworld.c:59:2: warning: 'uart1' is used uninitialized in this function [-Wuninitialized]
   59 |  XUartPs_CfgInitialize(uart1,uart1_config, uart1_config->BaseAddress);
      |  ^~~~~~~~~~~~~~~~~~~~~~~~~~~~~~~~~~~~~~~~~~~~~~~~~~~~~~~~~~~~~~~~~~~~
Finished building: ../src/helloworld.c
 
Building target: mpsoc_uart_loop_app.elf
Invoking: ARM v7 gcc linker
arm-none-eabi-gcc -mcpu=cortex-a9 -mfpu=vfpv3 -mfloat-abi=hard -Wl,-build-id=none -specs=Xilinx.spec -Wl,-T -Wl,../src/lscript.ld -L/home/varun/coding/fpga/xylinx/pynq_z1/mpsoc_uart_loop/sw/mpsoc_uart_loop_platform/export/mpsoc_uart_loop_platform/sw/mpsoc_uart_loop_platform/standalone_domain/bsplib/lib -o "mpsoc_uart_loop_app.elf"  ./src/helloworld.o ./src/platform.o   -Wl,--start-group,-lxil,-lgcc,-lc,--end-group
Finished building target: mpsoc_uart_loop_app.elf
 
Invoking: ARM v7 Print Size
arm-none-eabi-size mpsoc_uart_loop_app.elf  |tee "mpsoc_uart_loop_app.elf.size"
   text	   data	    bss	    dec	    hex	filename
  21500	   1176	  22584	  45260	   b0cc	mpsoc_uart_loop_app.elf
Finished building: mpsoc_uart_loop_app.elf.size
 
19:23:34 **** Incremental Build of configuration Debug for project mpsoc_uart_loop_system ****
make all 
Generating bif file for the system project
Executing command '::scw::generate_bif -xpfm /home/varun/coding/fpga/xylinx/pynq_z1/mpsoc_uart_loop/sw/mpsoc_uart_loop_platform/export/mpsoc_uart_loop_platform/mpsoc_uart_loop_platform.xpfm -domains standalone_domain -bifpath /home/varun/coding/fpga/xylinx/pynq_z1/mpsoc_uart_loop/sw/mpsoc_uart_loop_system/Debug/system.bif' on XSCT
sdcard_gen --xpfm /home/varun/coding/fpga/xylinx/pynq_z1/mpsoc_uart_loop/sw/mpsoc_uart_loop_platform/export/mpsoc_uart_loop_platform/mpsoc_uart_loop_platform.xpfm --sys_config mpsoc_uart_loop_platform --bif /home/varun/coding/fpga/xylinx/pynq_z1/mpsoc_uart_loop/sw/mpsoc_uart_loop_system/Debug/system.bif --bitstream /home/varun/coding/fpga/xylinx/pynq_z1/mpsoc_uart_loop/sw/mpsoc_uart_loop_app/_ide/bitstream/mpsoc_uart_loop_hw_export.bit --elf /home/varun/coding/fpga/xylinx/pynq_z1/mpsoc_uart_loop/sw/mpsoc_uart_loop_app/Debug/mpsoc_uart_loop_app.elf,ps7_cortexa9_0
creating BOOT.BIN using /home/varun/coding/fpga/xylinx/pynq_z1/mpsoc_uart_loop/sw/mpsoc_uart_loop_app/_ide/bitstream/mpsoc_uart_loop_hw_export.bit
Running /home/varun/tools/XilinX/Vitis/2020.2/bin/bootgen  -image /home/varun/coding/fpga/xylinx/pynq_z1/mpsoc_uart_loop/sw/mpsoc_uart_loop_system/Debug/sd_card_temp/boot.bif -w -o i BOOT.BIN
