07:55:10 **** Incremental Build of configuration Debug for project mpsoc_axi_gpio_app ****
make all 
make --no-print-directory pre-build
a9-linaro-pre-build-step
 
make --no-print-directory main-build
Building file: ../src/helloworld.c
Invoking: ARM v7 gcc compiler
arm-none-eabi-gcc -Wall -O0 -g3 -c -fmessage-length=0 -MT"src/helloworld.o" -mcpu=cortex-a9 -mfpu=vfpv3 -mfloat-abi=hard -I/home/varun/coding/fpga/xylinx/pynq_z1/mpsoc_axi_gpio/sw/mpsoc_axi_gpio_platform/export/mpsoc_axi_gpio_platform/sw/mpsoc_axi_gpio_platform/standalone_domain/bspinclude/include -MMD -MP -MF"src/helloworld.d" -MT"src/helloworld.o" -o "src/helloworld.o" "../src/helloworld.c"
../src/helloworld.c: In function 'main':
../src/helloworld.c:61:2: warning: 'axi_gpio0' is used uninitialized in this function [-Wuninitialized]
   61 |  XGpio_CfgInitialize(axi_gpio0,axi_gpio0_config,axi_gpio0_config->BaseAddress);
      |  ^~~~~~~~~~~~~~~~~~~~~~~~~~~~~~~~~~~~~~~~~~~~~~~~~~~~~~~~~~~~~~~~~~~~~~~~~~~~~
Finished building: ../src/helloworld.c
 
Building target: mpsoc_axi_gpio_app.elf
Invoking: ARM v7 gcc linker
arm-none-eabi-gcc -mcpu=cortex-a9 -mfpu=vfpv3 -mfloat-abi=hard -Wl,-build-id=none -specs=Xilinx.spec -Wl,-T -Wl,../src/lscript.ld -L/home/varun/coding/fpga/xylinx/pynq_z1/mpsoc_axi_gpio/sw/mpsoc_axi_gpio_platform/export/mpsoc_axi_gpio_platform/sw/mpsoc_axi_gpio_platform/standalone_domain/bsplib/lib -o "mpsoc_axi_gpio_app.elf"  ./src/helloworld.o ./src/platform.o   -Wl,--start-group,-lxil,-lgcc,-lc,--end-group
Finished building target: mpsoc_axi_gpio_app.elf
 
Invoking: ARM v7 Print Size
arm-none-eabi-size mpsoc_axi_gpio_app.elf  |tee "mpsoc_axi_gpio_app.elf.size"
   text	   data	    bss	    dec	    hex	filename
  20240	   1160	  22584	  43984	   abd0	mpsoc_axi_gpio_app.elf
Finished building: mpsoc_axi_gpio_app.elf.size
 

07:55:11 Build Finished (took 671ms)

